# name: test_batch_resource_handler
  <class 'list'> [
    ExtractedRecord(batch_id='test-batch_id', resource_type='Patient', resource_id='cktjv96fh006eq7vzmvidju9g', record={'patients_subject_id_a9fb9667': [10006], 'patients_gender_8035bbd1': ['F'], 'patients_dob_f873eb32': [datetime.datetime(2094, 3, 5, 0, 0)], 'patients_dod_9fd82e01': [datetime.datetime(2165, 8, 12, 0, 0)]}),
    ExtractedRecord(batch_id='test-batch_id', resource_type='Patient', resource_id='cktjv96fh006eq7vzmvidju9g', record={'patients_subject_id_a9fb9667': [10011], 'patients_gender_8035bbd1': ['F'], 'patients_dob_f873eb32': [datetime.datetime(2090, 6, 5, 0, 0)], 'patients_dod_9fd82e01': [datetime.datetime(2126, 8, 28, 0, 0)]}),
    ExtractedRecord(batch_id='test-batch_id', resource_type='Patient', resource_id='cktjv96fh006eq7vzmvidju9g', record={'patients_subject_id_a9fb9667': [10013], 'patients_gender_8035bbd1': ['F'], 'patients_dob_f873eb32': [datetime.datetime(2038, 9, 3, 0, 0)], 'patients_dod_9fd82e01': [datetime.datetime(2125, 10, 7, 0, 0)]}),
    ExtractedRecord(batch_id='test-batch_id', resource_type='Patient', resource_id='cktjv96fh006eq7vzmvidju9g', record={'patients_subject_id_a9fb9667': [10017], 'patients_gender_8035bbd1': ['F'], 'patients_dob_f873eb32': [datetime.datetime(2075, 9, 21, 0, 0)], 'patients_dod_9fd82e01': [datetime.datetime(2152, 9, 12, 0, 0)]}),
    ExtractedRecord(batch_id='test-batch_id', resource_type='Patient', resource_id='cktjv96fh006eq7vzmvidju9g', record={'patients_subject_id_a9fb9667': [10019], 'patients_gender_8035bbd1': ['M'], 'patients_dob_f873eb32': [datetime.datetime(2114, 6, 20, 0, 0)], 'patients_dod_9fd82e01': [datetime.datetime(2163, 5, 15, 0, 0)]}),
    ExtractedRecord(batch_id='test-batch_id', resource_type='Patient', resource_id='cktjv96fh006eq7vzmvidju9g', record={'patients_subject_id_a9fb9667': [10026], 'patients_gender_8035bbd1': ['F'], 'patients_dob_f873eb32': [datetime.datetime(1895, 5, 17, 0, 0)], 'patients_dod_9fd82e01': [datetime.datetime(2195, 11, 24, 0, 0)]}),
    ExtractedRecord(batch_id='test-batch_id', resource_type='Patient', resource_id='cktjv96fh006eq7vzmvidju9g', record={'patients_subject_id_a9fb9667': [10027], 'patients_gender_8035bbd1': ['F'], 'patients_dob_f873eb32': [datetime.datetime(2108, 1, 15, 0, 0)], 'patients_dod_9fd82e01': [datetime.datetime(2190, 9, 14, 0, 0)]}),
    ExtractedRecord(batch_id='test-batch_id', resource_type='Patient', resource_id='cktjv96fh006eq7vzmvidju9g', record={'patients_subject_id_a9fb9667': [10029], 'patients_gender_8035bbd1': ['M'], 'patients_dob_f873eb32': [datetime.datetime(2061, 4, 10, 0, 0)], 'patients_dod_9fd82e01': [datetime.datetime(2140, 9, 21, 0, 0)]}),
    ExtractedRecord(batch_id='test-batch_id', resource_type='Patient', resource_id='cktjv96fh006eq7vzmvidju9g', record={'patients_subject_id_a9fb9667': [10032], 'patients_gender_8035bbd1': ['M'], 'patients_dob_f873eb32': [datetime.datetime(2050, 3, 29, 0, 0)], 'patients_dod_9fd82e01': [datetime.datetime(2138, 5, 21, 0, 0)]}),
    ExtractedRecord(batch_id='test-batch_id', resource_type='Patient', resource_id='cktjv96fh006eq7vzmvidju9g', record={'patients_subject_id_a9fb9667': [10033], 'patients_gender_8035bbd1': ['F'], 'patients_dob_f873eb32': [datetime.datetime(2051, 4, 21, 0, 0)], 'patients_dod_9fd82e01': [datetime.datetime(2133, 9, 9, 0, 0)]}),
    ExtractedRecord(batch_id='test-batch_id', resource_type='Patient', resource_id='cktjv96fh006eq7vzmvidju9g', record={'patients_subject_id_a9fb9667': [10035], 'patients_gender_8035bbd1': ['M'], 'patients_dob_f873eb32': [datetime.datetime(2053, 4, 13, 0, 0)], 'patients_dod_9fd82e01': [datetime.datetime(2133, 3, 30, 0, 0)]}),
    ExtractedRecord(batch_id='test-batch_id', resource_type='Patient', resource_id='cktjv96fh006eq7vzmvidju9g', record={'patients_subject_id_a9fb9667': [10036], 'patients_gender_8035bbd1': ['F'], 'patients_dob_f873eb32': [datetime.datetime(1885, 3, 24, 0, 0)], 'patients_dod_9fd82e01': [datetime.datetime(2185, 3, 26, 0, 0)]}),
    ExtractedRecord(batch_id='test-batch_id', resource_type='Patient', resource_id='cktjv96fh006eq7vzmvidju9g', record={'patients_subject_id_a9fb9667': [10038], 'patients_gender_8035bbd1': ['F'], 'patients_dob_f873eb32': [datetime.datetime(2056, 1, 27, 0, 0)], 'patients_dod_9fd82e01': [datetime.datetime(2147, 3, 17, 0, 0)]}),
    ExtractedRecord(batch_id='test-batch_id', resource_type='Patient', resource_id='cktjv96fh006eq7vzmvidju9g', record={'patients_subject_id_a9fb9667': [10040], 'patients_gender_8035bbd1': ['F'], 'patients_dob_f873eb32': [datetime.datetime(2061, 10, 23, 0, 0)], 'patients_dod_9fd82e01': [datetime.datetime(2150, 9, 5, 0, 0)]}),
    ExtractedRecord(batch_id='test-batch_id', resource_type='Patient', resource_id='cktjv96fh006eq7vzmvidju9g', record={'patients_subject_id_a9fb9667': [10042], 'patients_gender_8035bbd1': ['M'], 'patients_dob_f873eb32': [datetime.datetime(2076, 5, 6, 0, 0)], 'patients_dod_9fd82e01': [datetime.datetime(2150, 12, 3, 0, 0)]}),
    ExtractedRecord(batch_id='test-batch_id', resource_type='Patient', resource_id='cktjv96fh006eq7vzmvidju9g', record={'patients_subject_id_a9fb9667': [10043], 'patients_gender_8035bbd1': ['M'], 'patients_dob_f873eb32': [datetime.datetime(2109, 4, 7, 0, 0)], 'patients_dod_9fd82e01': [datetime.datetime(2191, 2, 7, 0, 0)]}),
    ExtractedRecord(batch_id='test-batch_id', resource_type='Patient', resource_id='cktjv96fh006eq7vzmvidju9g', record={'patients_subject_id_a9fb9667': [10044], 'patients_gender_8035bbd1': ['F'], 'patients_dob_f873eb32': [datetime.datetime(2071, 2, 11, 0, 0)], 'patients_dod_9fd82e01': [datetime.datetime(2152, 10, 20, 0, 0)]}),
    ExtractedRecord(batch_id='test-batch_id', resource_type='Patient', resource_id='cktjv96fh006eq7vzmvidju9g', record={'patients_subject_id_a9fb9667': [10045], 'patients_gender_8035bbd1': ['F'], 'patients_dob_f873eb32': [datetime.datetime(2061, 3, 25, 0, 0)], 'patients_dod_9fd82e01': [datetime.datetime(2129, 12, 1, 0, 0)]}),
    ExtractedRecord(batch_id='test-batch_id', resource_type='Patient', resource_id='cktjv96fh006eq7vzmvidju9g', record={'patients_subject_id_a9fb9667': [10046], 'patients_gender_8035bbd1': ['F'], 'patients_dob_f873eb32': [datetime.datetime(2141, 3, 15, 0, 0)], 'patients_dod_9fd82e01': [datetime.datetime(2195, 3, 13, 0, 0)]}),
    ExtractedRecord(batch_id='test-batch_id', resource_type='Patient', resource_id='cktjv96fh006eq7vzmvidju9g', record={'patients_subject_id_a9fb9667': [10056], 'patients_gender_8035bbd1': ['F'], 'patients_dob_f873eb32': [datetime.datetime(2046, 2, 27, 0, 0)], 'patients_dod_9fd82e01': [datetime.datetime(2129, 9, 16, 0, 0)]}),
    ExtractedRecord(batch_id='test-batch_id', resource_type='Patient', resource_id='cktjv96fh006eq7vzmvidju9g', record={'patients_subject_id_a9fb9667': [10059], 'patients_gender_8035bbd1': ['M'], 'patients_dob_f873eb32': [datetime.datetime(2081, 1, 3, 0, 0)], 'patients_dod_9fd82e01': [datetime.datetime(2150, 8, 29, 0, 0)]}),
    ExtractedRecord(batch_id='test-batch_id', resource_type='Patient', resource_id='cktjv96fh006eq7vzmvidju9g', record={'patients_subject_id_a9fb9667': [10061], 'patients_gender_8035bbd1': ['F'], 'patients_dob_f873eb32': [datetime.datetime(2031, 5, 19, 0, 0)], 'patients_dod_9fd82e01': [datetime.datetime(2108, 4, 3, 0, 0)]}),
    ExtractedRecord(batch_id='test-batch_id', resource_type='Patient', resource_id='cktjv96fh006eq7vzmvidju9g', record={'patients_subject_id_a9fb9667': [10064], 'patients_gender_8035bbd1': ['M'], 'patients_dob_f873eb32': [datetime.datetime(2058, 4, 23, 0, 0)], 'patients_dod_9fd82e01': [datetime.datetime(2127, 3, 19, 0, 0)]}),
    ExtractedRecord(batch_id='test-batch_id', resource_type='Patient', resource_id='cktjv96fh006eq7vzmvidju9g', record={'patients_subject_id_a9fb9667': [10065], 'patients_gender_8035bbd1': ['F'], 'patients_dob_f873eb32': [datetime.datetime(2111, 7, 18, 0, 0)], 'patients_dod_9fd82e01': [datetime.datetime(2193, 11, 6, 0, 0)]}),
    ExtractedRecord(batch_id='test-batch_id', resource_type='Patient', resource_id='cktjv96fh006eq7vzmvidju9g', record={'patients_subject_id_a9fb9667': [10067], 'patients_gender_8035bbd1': ['M'], 'patients_dob_f873eb32': [datetime.datetime(2101, 6, 10, 0, 0)], 'patients_dod_9fd82e01': [datetime.datetime(2130, 10, 6, 0, 0)]}),
    ExtractedRecord(batch_id='test-batch_id', resource_type='Patient', resource_id='cktjv96fh006eq7vzmvidju9g', record={'patients_subject_id_a9fb9667': [10069], 'patients_gender_8035bbd1': ['F'], 'patients_dob_f873eb32': [datetime.datetime(2146, 10, 23, 0, 0)], 'patients_dod_9fd82e01': [datetime.datetime(2188, 2, 27, 0, 0)]}),
    ExtractedRecord(batch_id='test-batch_id', resource_type='Patient', resource_id='cktjv96fh006eq7vzmvidju9g', record={'patients_subject_id_a9fb9667': [10074], 'patients_gender_8035bbd1': ['M'], 'patients_dob_f873eb32': [datetime.datetime(2081, 12, 26, 0, 0)], 'patients_dod_9fd82e01': [datetime.datetime(2167, 4, 24, 0, 0)]}),
    ExtractedRecord(batch_id='test-batch_id', resource_type='Patient', resource_id='cktjv96fh006eq7vzmvidju9g', record={'patients_subject_id_a9fb9667': [10076], 'patients_gender_8035bbd1': ['M'], 'patients_dob_f873eb32': [datetime.datetime(2038, 5, 10, 0, 0)], 'patients_dod_9fd82e01': [datetime.datetime(2107, 3, 30, 0, 0)]}),
    ExtractedRecord(batch_id='test-batch_id', resource_type='Patient', resource_id='cktjv96fh006eq7vzmvidju9g', record={'patients_subject_id_a9fb9667': [10083], 'patients_gender_8035bbd1': ['F'], 'patients_dob_f873eb32': [datetime.datetime(2110, 3, 25, 0, 0)], 'patients_dod_9fd82e01': [datetime.datetime(2192, 12, 12, 0, 0)]}),
    ExtractedRecord(batch_id='test-batch_id', resource_type='Patient', resource_id='cktjv96fh006eq7vzmvidju9g', record={'patients_subject_id_a9fb9667': [10088], 'patients_gender_8035bbd1': ['M'], 'patients_dob_f873eb32': [datetime.datetime(2029, 7, 9, 0, 0)], 'patients_dod_9fd82e01': [datetime.datetime(2107, 7, 20, 0, 0)]}),
    ExtractedRecord(batch_id='test-batch_id', resource_type='Patient', resource_id='cktjv96fh006eq7vzmvidju9g', record={'patients_subject_id_a9fb9667': [10089], 'patients_gender_8035bbd1': ['M'], 'patients_dob_f873eb32': [datetime.datetime(2046, 4, 18, 0, 0)], 'patients_dod_9fd82e01': [datetime.datetime(2132, 8, 8, 0, 0)]}),
    ExtractedRecord(batch_id='test-batch_id', resource_type='Patient', resource_id='cktjv96fh006eq7vzmvidju9g', record={'patients_subject_id_a9fb9667': [10090], 'patients_gender_8035bbd1': ['M'], 'patients_dob_f873eb32': [datetime.datetime(2096, 2, 27, 0, 0)], 'patients_dod_9fd82e01': [datetime.datetime(2126, 4, 6, 0, 0)]}),
    ExtractedRecord(batch_id='test-batch_id', resource_type='Patient', resource_id='cktjv96fh006eq7vzmvidju9g', record={'patients_subject_id_a9fb9667': [10093], 'patients_gender_8035bbd1': ['M'], 'patients_dob_f873eb32': [datetime.datetime(2053, 9, 8, 0, 0)], 'patients_dod_9fd82e01': [datetime.datetime(2141, 1, 26, 0, 0)]}),
    ExtractedRecord(batch_id='test-batch_id', resource_type='Patient', resource_id='cktjv96fh006eq7vzmvidju9g', record={'patients_subject_id_a9fb9667': [10094], 'patients_gender_8035bbd1': ['M'], 'patients_dob_f873eb32': [datetime.datetime(1880, 2, 29, 0, 0)], 'patients_dod_9fd82e01': [datetime.datetime(2180, 3, 20, 0, 0)]}),
    ExtractedRecord(batch_id='test-batch_id', resource_type='Patient', resource_id='cktjv96fh006eq7vzmvidju9g', record={'patients_subject_id_a9fb9667': [10098], 'patients_gender_8035bbd1': ['F'], 'patients_dob_f873eb32': [datetime.datetime(2150, 12, 7, 0, 0)], 'patients_dod_9fd82e01': [datetime.datetime(2170, 12, 3, 0, 0)]}),
    ExtractedRecord(batch_id='test-batch_id', resource_type='Patient', resource_id='cktjv96fh006eq7vzmvidju9g', record={'patients_subject_id_a9fb9667': [10101], 'patients_gender_8035bbd1': ['M'], 'patients_dob_f873eb32': [datetime.datetime(2055, 7, 18, 0, 0)], 'patients_dod_9fd82e01': [datetime.datetime(2128, 3, 24, 0, 0)]}),
    ExtractedRecord(batch_id='test-batch_id', resource_type='Patient', resource_id='cktjv96fh006eq7vzmvidju9g', record={'patients_subject_id_a9fb9667': [10102], 'patients_gender_8035bbd1': ['M'], 'patients_dob_f873eb32': [datetime.datetime(2035, 4, 13, 0, 0)], 'patients_dod_9fd82e01': [datetime.datetime(2105, 6, 11, 0, 0)]}),
    ExtractedRecord(batch_id='test-batch_id', resource_type='Patient', resource_id='cktjv96fh006eq7vzmvidju9g', record={'patients_subject_id_a9fb9667': [10104], 'patients_gender_8035bbd1': ['F'], 'patients_dob_f873eb32': [datetime.datetime(2050, 2, 16, 0, 0)], 'patients_dod_9fd82e01': [datetime.datetime(2125, 5, 9, 0, 0)]}),
    ExtractedRecord(batch_id='test-batch_id', resource_type='Patient', resource_id='cktjv96fh006eq7vzmvidju9g', record={'patients_subject_id_a9fb9667': [10106], 'patients_gender_8035bbd1': ['M'], 'patients_dob_f873eb32': [datetime.datetime(2097, 12, 16, 0, 0)], 'patients_dod_9fd82e01': [datetime.datetime(2163, 9, 15, 0, 0)]}),
    ExtractedRecord(batch_id='test-batch_id', resource_type='Patient', resource_id='cktjv96fh006eq7vzmvidju9g', record={'patients_subject_id_a9fb9667': [10111], 'patients_gender_8035bbd1': ['F'], 'patients_dob_f873eb32': [datetime.datetime(2097, 1, 16, 0, 0)], 'patients_dod_9fd82e01': [datetime.datetime(2180, 2, 1, 0, 0)]}),
    ExtractedRecord(batch_id='test-batch_id', resource_type='Patient', resource_id='cktjv96fh006eq7vzmvidju9g', record={'patients_subject_id_a9fb9667': [10112], 'patients_gender_8035bbd1': ['F'], 'patients_dob_f873eb32': [datetime.datetime(2069, 5, 5, 0, 0)], 'patients_dod_9fd82e01': [datetime.datetime(2148, 1, 19, 0, 0)]}),
    ExtractedRecord(batch_id='test-batch_id', resource_type='Patient', resource_id='cktjv96fh006eq7vzmvidju9g', record={'patients_subject_id_a9fb9667': [10114], 'patients_gender_8035bbd1': ['F'], 'patients_dob_f873eb32': [datetime.datetime(2099, 3, 17, 0, 0)], 'patients_dod_9fd82e01': [datetime.datetime(2178, 5, 2, 0, 0)]}),
    ExtractedRecord(batch_id='test-batch_id', resource_type='Patient', resource_id='cktjv96fh006eq7vzmvidju9g', record={'patients_subject_id_a9fb9667': [10117], 'patients_gender_8035bbd1': ['F'], 'patients_dob_f873eb32': [datetime.datetime(2072, 5, 5, 0, 0)], 'patients_dod_9fd82e01': [datetime.datetime(2138, 11, 18, 0, 0)]}),
    ExtractedRecord(batch_id='test-batch_id', resource_type='Patient', resource_id='cktjv96fh006eq7vzmvidju9g', record={'patients_subject_id_a9fb9667': [10119], 'patients_gender_8035bbd1': ['M'], 'patients_dob_f873eb32': [datetime.datetime(2036, 3, 10, 0, 0)], 'patients_dod_9fd82e01': [datetime.datetime(2120, 9, 18, 0, 0)]}),
    ExtractedRecord(batch_id='test-batch_id', resource_type='Patient', resource_id='cktjv96fh006eq7vzmvidju9g', record={'patients_subject_id_a9fb9667': [10120], 'patients_gender_8035bbd1': ['M'], 'patients_dob_f873eb32': [datetime.datetime(2088, 5, 5, 0, 0)], 'patients_dod_9fd82e01': [datetime.datetime(2115, 5, 15, 0, 0)]}),
    ExtractedRecord(batch_id='test-batch_id', resource_type='Patient', resource_id='cktjv96fh006eq7vzmvidju9g', record={'patients_subject_id_a9fb9667': [10124], 'patients_gender_8035bbd1': ['F'], 'patients_dob_f873eb32': [datetime.datetime(2108, 12, 20, 0, 0)], 'patients_dod_9fd82e01': [datetime.datetime(2192, 5, 15, 0, 0)]}),
    ExtractedRecord(batch_id='test-batch_id', resource_type='Patient', resource_id='cktjv96fh006eq7vzmvidju9g', record={'patients_subject_id_a9fb9667': [10126], 'patients_gender_8035bbd1': ['F'], 'patients_dob_f873eb32': [datetime.datetime(2127, 6, 4, 0, 0)], 'patients_dod_9fd82e01': [datetime.datetime(2171, 8, 16, 0, 0)]}),
    ExtractedRecord(batch_id='test-batch_id', resource_type='Patient', resource_id='cktjv96fh006eq7vzmvidju9g', record={'patients_subject_id_a9fb9667': [10127], 'patients_gender_8035bbd1': ['F'], 'patients_dob_f873eb32': [datetime.datetime(2181, 4, 19, 0, 0)], 'patients_dod_9fd82e01': [datetime.datetime(2201, 11, 8, 0, 0)]}),
    ExtractedRecord(batch_id='test-batch_id', resource_type='Patient', resource_id='cktjv96fh006eq7vzmvidju9g', record={'patients_subject_id_a9fb9667': [10130], 'patients_gender_8035bbd1': ['M'], 'patients_dob_f873eb32': [datetime.datetime(2109, 7, 8, 0, 0)], 'patients_dod_9fd82e01': [datetime.datetime(2161, 3, 13, 0, 0)]}),
    ExtractedRecord(batch_id='test-batch_id', resource_type='Patient', resource_id='cktjv96fh006eq7vzmvidju9g', record={'patients_subject_id_a9fb9667': [10132], 'patients_gender_8035bbd1': ['F'], 'patients_dob_f873eb32': [datetime.datetime(2058, 4, 23, 0, 0)], 'patients_dod_9fd82e01': [datetime.datetime(2123, 11, 6, 0, 0)]}),
    ExtractedRecord(batch_id='test-batch_id', resource_type='Patient', resource_id='cktjv96fh006eq7vzmvidju9g', record={'patients_subject_id_a9fb9667': [40124], 'patients_gender_8035bbd1': ['F'], 'patients_dob_f873eb32': [datetime.datetime(2063, 7, 5, 0, 0)], 'patients_dod_9fd82e01': [datetime.datetime(2130, 11, 3, 0, 0)]}),
    ExtractedRecord(batch_id='test-batch_id', resource_type='Patient', resource_id='cktjv96fh006eq7vzmvidju9g', record={'patients_subject_id_a9fb9667': [40177], 'patients_gender_8035bbd1': ['M'], 'patients_dob_f873eb32': [datetime.datetime(2082, 6, 27, 0, 0)], 'patients_dod_9fd82e01': [datetime.datetime(2169, 5, 12, 0, 0)]}),
    ExtractedRecord(batch_id='test-batch_id', resource_type='Patient', resource_id='cktjv96fh006eq7vzmvidju9g', record={'patients_subject_id_a9fb9667': [40204], 'patients_gender_8035bbd1': ['M'], 'patients_dob_f873eb32': [datetime.datetime(2079, 8, 17, 0, 0)], 'patients_dod_9fd82e01': [datetime.datetime(2156, 2, 8, 0, 0)]}),
    ExtractedRecord(batch_id='test-batch_id', resource_type='Patient', resource_id='cktjv96fh006eq7vzmvidju9g', record={'patients_subject_id_a9fb9667': [40277], 'patients_gender_8035bbd1': ['F'], 'patients_dob_f873eb32': [datetime.datetime(2070, 10, 11, 0, 0)], 'patients_dod_9fd82e01': [datetime.datetime(2154, 1, 22, 0, 0)]}),
    ExtractedRecord(batch_id='test-batch_id', resource_type='Patient', resource_id='cktjv96fh006eq7vzmvidju9g', record={'patients_subject_id_a9fb9667': [40286], 'patients_gender_8035bbd1': ['F'], 'patients_dob_f873eb32': [datetime.datetime(2110, 4, 2, 0, 0)], 'patients_dod_9fd82e01': [datetime.datetime(2196, 10, 22, 0, 0)]}),
    ExtractedRecord(batch_id='test-batch_id', resource_type='Patient', resource_id='cktjv96fh006eq7vzmvidju9g', record={'patients_subject_id_a9fb9667': [40304], 'patients_gender_8035bbd1': ['M'], 'patients_dob_f873eb32': [datetime.datetime(2086, 12, 16, 0, 0)], 'patients_dod_9fd82e01': [datetime.datetime(2165, 1, 17, 0, 0)]}),
    ExtractedRecord(batch_id='test-batch_id', resource_type='Patient', resource_id='cktjv96fh006eq7vzmvidju9g', record={'patients_subject_id_a9fb9667': [40310], 'patients_gender_8035bbd1': ['M'], 'patients_dob_f873eb32': [datetime.datetime(2103, 12, 5, 0, 0)], 'patients_dod_9fd82e01': [datetime.datetime(2144, 12, 31, 0, 0)]}),
    ExtractedRecord(batch_id='test-batch_id', resource_type='Patient', resource_id='cktjv96fh006eq7vzmvidju9g', record={'patients_subject_id_a9fb9667': [40456], 'patients_gender_8035bbd1': ['F'], 'patients_dob_f873eb32': [datetime.datetime(2031, 8, 12, 0, 0)], 'patients_dod_9fd82e01': [datetime.datetime(2120, 8, 13, 0, 0)]}),
    ExtractedRecord(batch_id='test-batch_id', resource_type='Patient', resource_id='cktjv96fh006eq7vzmvidju9g', record={'patients_subject_id_a9fb9667': [40503], 'patients_gender_8035bbd1': ['F'], 'patients_dob_f873eb32': [datetime.datetime(2097, 11, 14, 0, 0)], 'patients_dod_9fd82e01': [datetime.datetime(2186, 7, 7, 0, 0)]}),
    ExtractedRecord(batch_id='test-batch_id', resource_type='Patient', resource_id='cktjv96fh006eq7vzmvidju9g', record={'patients_subject_id_a9fb9667': [40595], 'patients_gender_8035bbd1': ['F'], 'patients_dob_f873eb32': [datetime.datetime(2068, 3, 4, 0, 0)], 'patients_dod_9fd82e01': [datetime.datetime(2144, 10, 31, 0, 0)]}),
    ExtractedRecord(batch_id='test-batch_id', resource_type='Patient', resource_id='cktjv96fh006eq7vzmvidju9g', record={'patients_subject_id_a9fb9667': [40601], 'patients_gender_8035bbd1': ['F'], 'patients_dob_f873eb32': [datetime.datetime(2112, 1, 20, 0, 0)], 'patients_dod_9fd82e01': [datetime.datetime(2184, 8, 26, 0, 0)]}),
    ExtractedRecord(batch_id='test-batch_id', resource_type='Patient', resource_id='cktjv96fh006eq7vzmvidju9g', record={'patients_subject_id_a9fb9667': [40612], 'patients_gender_8035bbd1': ['F'], 'patients_dob_f873eb32': [datetime.datetime(2073, 8, 13, 0, 0)], 'patients_dod_9fd82e01': [datetime.datetime(2159, 11, 25, 0, 0)]}),
    ExtractedRecord(batch_id='test-batch_id', resource_type='Patient', resource_id='cktjv96fh006eq7vzmvidju9g', record={'patients_subject_id_a9fb9667': [40655], 'patients_gender_8035bbd1': ['F'], 'patients_dob_f873eb32': [datetime.datetime(1844, 7, 18, 0, 0)], 'patients_dod_9fd82e01': [datetime.datetime(2145, 3, 7, 0, 0)]}),
    ExtractedRecord(batch_id='test-batch_id', resource_type='Patient', resource_id='cktjv96fh006eq7vzmvidju9g', record={'patients_subject_id_a9fb9667': [40687], 'patients_gender_8035bbd1': ['F'], 'patients_dob_f873eb32': [datetime.datetime(2073, 6, 5, 0, 0)], 'patients_dod_9fd82e01': [datetime.datetime(2155, 3, 12, 0, 0)]}),
    ExtractedRecord(batch_id='test-batch_id', resource_type='Patient', resource_id='cktjv96fh006eq7vzmvidju9g', record={'patients_subject_id_a9fb9667': [41795], 'patients_gender_8035bbd1': ['M'], 'patients_dob_f873eb32': [datetime.datetime(2096, 7, 25, 0, 0)], 'patients_dod_9fd82e01': [datetime.datetime(2145, 12, 6, 0, 0)]}),
    ExtractedRecord(batch_id='test-batch_id', resource_type='Patient', resource_id='cktjv96fh006eq7vzmvidju9g', record={'patients_subject_id_a9fb9667': [41914], 'patients_gender_8035bbd1': ['M'], 'patients_dob_f873eb32': [datetime.datetime(2090, 11, 16, 0, 0)], 'patients_dod_9fd82e01': [datetime.datetime(2146, 1, 25, 0, 0)]}),
    ExtractedRecord(batch_id='test-batch_id', resource_type='Patient', resource_id='cktjv96fh006eq7vzmvidju9g', record={'patients_subject_id_a9fb9667': [41976], 'patients_gender_8035bbd1': ['M'], 'patients_dob_f873eb32': [datetime.datetime(2136, 7, 28, 0, 0)], 'patients_dod_9fd82e01': [datetime.datetime(2202, 12, 5, 0, 0)]}),
    ExtractedRecord(batch_id='test-batch_id', resource_type='Patient', resource_id='cktjv96fh006eq7vzmvidju9g', record={'patients_subject_id_a9fb9667': [41983], 'patients_gender_8035bbd1': ['F'], 'patients_dob_f873eb32': [datetime.datetime(1851, 9, 12, 0, 0)], 'patients_dod_9fd82e01': [datetime.datetime(2151, 9, 15, 0, 0)]}),
    ExtractedRecord(batch_id='test-batch_id', resource_type='Patient', resource_id='cktjv96fh006eq7vzmvidju9g', record={'patients_subject_id_a9fb9667': [42033], 'patients_gender_8035bbd1': ['F'], 'patients_dob_f873eb32': [datetime.datetime(2045, 10, 7, 0, 0)], 'patients_dod_9fd82e01': [datetime.datetime(2131, 7, 28, 0, 0)]}),
    ExtractedRecord(batch_id='test-batch_id', resource_type='Patient', resource_id='cktjv96fh006eq7vzmvidju9g', record={'patients_subject_id_a9fb9667': [42066], 'patients_gender_8035bbd1': ['M'], 'patients_dob_f873eb32': [datetime.datetime(2061, 6, 13, 0, 0)], 'patients_dod_9fd82e01': [datetime.datetime(2112, 2, 11, 0, 0)]}),
    ExtractedRecord(batch_id='test-batch_id', resource_type='Patient', resource_id='cktjv96fh006eq7vzmvidju9g', record={'patients_subject_id_a9fb9667': [42075], 'patients_gender_8035bbd1': ['M'], 'patients_dob_f873eb32': [datetime.datetime(2086, 2, 4, 0, 0)], 'patients_dod_9fd82e01': [datetime.datetime(2166, 2, 26, 0, 0)]}),
    ExtractedRecord(batch_id='test-batch_id', resource_type='Patient', resource_id='cktjv96fh006eq7vzmvidju9g', record={'patients_subject_id_a9fb9667': [42135], 'patients_gender_8035bbd1': ['M'], 'patients_dob_f873eb32': [datetime.datetime(2083, 9, 20, 0, 0)], 'patients_dod_9fd82e01': [datetime.datetime(2127, 10, 28, 0, 0)]}),
    ExtractedRecord(batch_id='test-batch_id', resource_type='Patient', resource_id='cktjv96fh006eq7vzmvidju9g', record={'patients_subject_id_a9fb9667': [42199], 'patients_gender_8035bbd1': ['F'], 'patients_dob_f873eb32': [datetime.datetime(2044, 6, 27, 0, 0)], 'patients_dod_9fd82e01': [datetime.datetime(2117, 4, 4, 0, 0)]}),
    ExtractedRecord(batch_id='test-batch_id', resource_type='Patient', resource_id='cktjv96fh006eq7vzmvidju9g', record={'patients_subject_id_a9fb9667': [42231], 'patients_gender_8035bbd1': ['F'], 'patients_dob_f873eb32': [datetime.datetime(2016, 12, 5, 0, 0)], 'patients_dod_9fd82e01': [datetime.datetime(2105, 5, 18, 0, 0)]}),
    ExtractedRecord(batch_id='test-batch_id', resource_type='Patient', resource_id='cktjv96fh006eq7vzmvidju9g', record={'patients_subject_id_a9fb9667': [42275], 'patients_gender_8035bbd1': ['M'], 'patients_dob_f873eb32': [datetime.datetime(2058, 8, 4, 0, 0)], 'patients_dod_9fd82e01': [datetime.datetime(2136, 3, 26, 0, 0)]}),
    ExtractedRecord(batch_id='test-batch_id', resource_type='Patient', resource_id='cktjv96fh006eq7vzmvidju9g', record={'patients_subject_id_a9fb9667': [42281], 'patients_gender_8035bbd1': ['F'], 'patients_dob_f873eb32': [datetime.datetime(2051, 3, 23, 0, 0)], 'patients_dod_9fd82e01': [datetime.datetime(2119, 11, 14, 0, 0)]}),
    ExtractedRecord(batch_id='test-batch_id', resource_type='Patient', resource_id='cktjv96fh006eq7vzmvidju9g', record={'patients_subject_id_a9fb9667': [42292], 'patients_gender_8035bbd1': ['M'], 'patients_dob_f873eb32': [datetime.datetime(2098, 4, 29, 0, 0)], 'patients_dod_9fd82e01': [datetime.datetime(2165, 1, 16, 0, 0)]}),
    ExtractedRecord(batch_id='test-batch_id', resource_type='Patient', resource_id='cktjv96fh006eq7vzmvidju9g', record={'patients_subject_id_a9fb9667': [42302], 'patients_gender_8035bbd1': ['F'], 'patients_dob_f873eb32': [datetime.datetime(2074, 9, 29, 0, 0)], 'patients_dod_9fd82e01': [datetime.datetime(2160, 6, 8, 0, 0)]}),
    ExtractedRecord(batch_id='test-batch_id', resource_type='Patient', resource_id='cktjv96fh006eq7vzmvidju9g', record={'patients_subject_id_a9fb9667': [42321], 'patients_gender_8035bbd1': ['F'], 'patients_dob_f873eb32': [datetime.datetime(2041, 5, 16, 0, 0)], 'patients_dod_9fd82e01': [datetime.datetime(2122, 2, 28, 0, 0)]}),
    ExtractedRecord(batch_id='test-batch_id', resource_type='Patient', resource_id='cktjv96fh006eq7vzmvidju9g', record={'patients_subject_id_a9fb9667': [42346], 'patients_gender_8035bbd1': ['F'], 'patients_dob_f873eb32': [datetime.datetime(2072, 12, 3, 0, 0)], 'patients_dod_9fd82e01': [datetime.datetime(2160, 12, 27, 0, 0)]}),
    ExtractedRecord(batch_id='test-batch_id', resource_type='Patient', resource_id='cktjv96fh006eq7vzmvidju9g', record={'patients_subject_id_a9fb9667': [42367], 'patients_gender_8035bbd1': ['F'], 'patients_dob_f873eb32': [datetime.datetime(2060, 2, 12, 0, 0)], 'patients_dod_9fd82e01': [datetime.datetime(2147, 11, 4, 0, 0)]}),
    ExtractedRecord(batch_id='test-batch_id', resource_type='Patient', resource_id='cktjv96fh006eq7vzmvidju9g', record={'patients_subject_id_a9fb9667': [42412], 'patients_gender_8035bbd1': ['M'], 'patients_dob_f873eb32': [datetime.datetime(2079, 1, 29, 0, 0)], 'patients_dod_9fd82e01': [datetime.datetime(2166, 5, 30, 0, 0)]}),
    ExtractedRecord(batch_id='test-batch_id', resource_type='Patient', resource_id='cktjv96fh006eq7vzmvidju9g', record={'patients_subject_id_a9fb9667': [42430], 'patients_gender_8035bbd1': ['M'], 'patients_dob_f873eb32': [datetime.datetime(2061, 12, 10, 0, 0)], 'patients_dod_9fd82e01': [datetime.datetime(2142, 11, 30, 0, 0)]}),
    ExtractedRecord(batch_id='test-batch_id', resource_type='Patient', resource_id='cktjv96fh006eq7vzmvidju9g', record={'patients_subject_id_a9fb9667': [42458], 'patients_gender_8035bbd1': ['M'], 'patients_dob_f873eb32': [datetime.datetime(1846, 7, 21, 0, 0)], 'patients_dod_9fd82e01': [datetime.datetime(2147, 9, 8, 0, 0)]}),
    ExtractedRecord(batch_id='test-batch_id', resource_type='Patient', resource_id='cktjv96fh006eq7vzmvidju9g', record={'patients_subject_id_a9fb9667': [43735], 'patients_gender_8035bbd1': ['M'], 'patients_dob_f873eb32': [datetime.datetime(2046, 7, 5, 0, 0)], 'patients_dod_9fd82e01': [datetime.datetime(2128, 11, 9, 0, 0)]}),
    ExtractedRecord(batch_id='test-batch_id', resource_type='Patient', resource_id='cktjv96fh006eq7vzmvidju9g', record={'patients_subject_id_a9fb9667': [43746], 'patients_gender_8035bbd1': ['F'], 'patients_dob_f873eb32': [datetime.datetime(2029, 12, 7, 0, 0)], 'patients_dod_9fd82e01': [datetime.datetime(2111, 1, 14, 0, 0)]}),
    ExtractedRecord(batch_id='test-batch_id', resource_type='Patient', resource_id='cktjv96fh006eq7vzmvidju9g', record={'patients_subject_id_a9fb9667': [43748], 'patients_gender_8035bbd1': ['M'], 'patients_dob_f873eb32': [datetime.datetime(2099, 9, 2, 0, 0)], 'patients_dod_9fd82e01': [datetime.datetime(2181, 2, 27, 0, 0)]}),
    ExtractedRecord(batch_id='test-batch_id', resource_type='Patient', resource_id='cktjv96fh006eq7vzmvidju9g', record={'patients_subject_id_a9fb9667': [43779], 'patients_gender_8035bbd1': ['M'], 'patients_dob_f873eb32': [datetime.datetime(2097, 1, 7, 0, 0)], 'patients_dod_9fd82e01': [datetime.datetime(2173, 12, 24, 0, 0)]}),
    ExtractedRecord(batch_id='test-batch_id', resource_type='Patient', resource_id='cktjv96fh006eq7vzmvidju9g', record={'patients_subject_id_a9fb9667': [43798], 'patients_gender_8035bbd1': ['M'], 'patients_dob_f873eb32': [datetime.datetime(2136, 7, 29, 0, 0)], 'patients_dod_9fd82e01': [datetime.datetime(2200, 12, 31, 0, 0)]}),
    ExtractedRecord(batch_id='test-batch_id', resource_type='Patient', resource_id='cktjv96fh006eq7vzmvidju9g', record={'patients_subject_id_a9fb9667': [43827], 'patients_gender_8035bbd1': ['F'], 'patients_dob_f873eb32': [datetime.datetime(1876, 7, 14, 0, 0)], 'patients_dod_9fd82e01': [datetime.datetime(2178, 12, 7, 0, 0)]}),
    ExtractedRecord(batch_id='test-batch_id', resource_type='Patient', resource_id='cktjv96fh006eq7vzmvidju9g', record={'patients_subject_id_a9fb9667': [43870], 'patients_gender_8035bbd1': ['F'], 'patients_dob_f873eb32': [datetime.datetime(2097, 5, 16, 0, 0)], 'patients_dod_9fd82e01': [datetime.datetime(2186, 2, 12, 0, 0)]}),
    ExtractedRecord(batch_id='test-batch_id', resource_type='Patient', resource_id='cktjv96fh006eq7vzmvidju9g', record={'patients_subject_id_a9fb9667': [43879], 'patients_gender_8035bbd1': ['F'], 'patients_dob_f873eb32': [datetime.datetime(2051, 7, 25, 0, 0)], 'patients_dod_9fd82e01': [datetime.datetime(2107, 7, 13, 0, 0)]}),
    ExtractedRecord(batch_id='test-batch_id', resource_type='Patient', resource_id='cktjv96fh006eq7vzmvidju9g', record={'patients_subject_id_a9fb9667': [43881], 'patients_gender_8035bbd1': ['M'], 'patients_dob_f873eb32': [datetime.datetime(2051, 3, 24, 0, 0)], 'patients_dod_9fd82e01': [datetime.datetime(2105, 2, 16, 0, 0)]}),
    ExtractedRecord(batch_id='test-batch_id', resource_type='Patient', resource_id='cktjv96fh006eq7vzmvidju9g', record={'patients_subject_id_a9fb9667': [43909], 'patients_gender_8035bbd1': ['F'], 'patients_dob_f873eb32': [datetime.datetime(2073, 11, 22, 0, 0)], 'patients_dod_9fd82e01': [datetime.datetime(2152, 10, 9, 0, 0)]}),
    ExtractedRecord(batch_id='test-batch_id', resource_type='Patient', resource_id='cktjv96fh006eq7vzmvidju9g', record={'patients_subject_id_a9fb9667': [43927], 'patients_gender_8035bbd1': ['F'], 'patients_dob_f873eb32': [datetime.datetime(2104, 2, 12, 0, 0)], 'patients_dod_9fd82e01': [datetime.datetime(2176, 9, 9, 0, 0)]}),
    ExtractedRecord(batch_id='test-batch_id', resource_type='Patient', resource_id='cktjv96fh006eq7vzmvidju9g', record={'patients_subject_id_a9fb9667': [44083], 'patients_gender_8035bbd1': ['M'], 'patients_dob_f873eb32': [datetime.datetime(2057, 11, 15, 0, 0)], 'patients_dod_9fd82e01': [datetime.datetime(2114, 2, 20, 0, 0)]}),
    ExtractedRecord(batch_id='test-batch_id', resource_type='Patient', resource_id='cktjv96fh006eq7vzmvidju9g', record={'patients_subject_id_a9fb9667': [44154], 'patients_gender_8035bbd1': ['M'], 'patients_dob_f873eb32': [datetime.datetime(1878, 5, 14, 0, 0)], 'patients_dod_9fd82e01': [datetime.datetime(2178, 5, 15, 0, 0)]}),
    ExtractedRecord(batch_id='test-batch_id', resource_type='Patient', resource_id='cktjv96fh006eq7vzmvidju9g', record={'patients_subject_id_a9fb9667': [44212], 'patients_gender_8035bbd1': ['F'], 'patients_dob_f873eb32': [datetime.datetime(2078, 6, 16, 0, 0)], 'patients_dod_9fd82e01': [datetime.datetime(2124, 1, 29, 0, 0)]}),
    ExtractedRecord(batch_id='test-batch_id', resource_type='Patient', resource_id='cktjv96fh006eq7vzmvidju9g', record={'patients_subject_id_a9fb9667': [44222], 'patients_gender_8035bbd1': ['M'], 'patients_dob_f873eb32': [datetime.datetime(2107, 6, 27, 0, 0)], 'patients_dod_9fd82e01': [datetime.datetime(2182, 8, 3, 0, 0)]}),
    ExtractedRecord(batch_id='test-batch_id', resource_type='Patient', resource_id='cktjv96fh006eq7vzmvidju9g', record={'patients_subject_id_a9fb9667': [44228], 'patients_gender_8035bbd1': ['F'], 'patients_dob_f873eb32': [datetime.datetime(2112, 10, 22, 0, 0)], 'patients_dod_9fd82e01': [datetime.datetime(2171, 4, 14, 0, 0)]}),
  ]
---
