# name: test_extracted_resource_handler
  <class 'dict'> {
    'birthDate': '2057-11-15',
    'communication': <class 'list'> [
      <class 'dict'> {
        'language': <class 'dict'> {
          'coding': <class 'list'> [
            <class 'dict'> {
              'code': 'RUSS',
            },
            <class 'dict'> {
              'code': 'ENGL',
            },
          ],
        },
      },
    ],
    'deceasedDateTime': '2114-02-20',
    'gender': 'female',
    'id': '50fe8f2e-bd34-561c-91b3-055813fba3b8',
    'identifier': <class 'list'> [
      <class 'dict'> {
        'value': '31789 (1)',
      },
    ],
    'maritalStatus': <class 'dict'> {
      'coding': <class 'list'> [
        <class 'dict'> {
          'code': 'SINGLE',
        },
      ],
    },
    'meta': <class 'dict'> {
      'tag': <class 'list'> [
        <class 'dict'> {
          'code': 'cktlnp0bb00020mmz5fks20ij',
          'system': 'http://terminology.arkhn.org/CodeSystem/project',
        },
        <class 'dict'> {
          'code': 'cktlnp0ji006e0mmzat7dwb98',
          'system': 'http://terminology.arkhn.org/CodeSystem/resource',
        },
      ],
    },
    'resourceType': 'Patient',
  }
---
