# name: test_extracted_resource_handler
  <class 'dict'> {
    'birthDate': '2057-11-15',
    'deceasedDateTime': '2114-02-20 00:00:00',
    'gender': 'female',
    'id': '589300ec-dfde-53e8-87ff-2dc6abfcb852',
    'meta': <class 'dict'> {
      'tag': <class 'list'> [
        <class 'dict'> {
          'code': 'cktiqsyuj0002xgutzhqbn1ut',
          'system': 'http://terminology.arkhn.org/CodeSystem/source',
        },
        <class 'dict'> {
          'code': 'cktiqt0c800tfxgutkq5b6gct',
          'system': 'http://terminology.arkhn.org/CodeSystem/resource',
        },
      ],
    },
    'resourceType': 'Patient',
  }
---
