# name: test_analyze_mapping
  <class 'set'> {
    <class 'SqlColumn'> {
      cleaning_script=None,
      column='charttime',
      concept_map=None,
      joins=<class 'list'> [
      ],
      owner='public',
      table='chartevents',
    },
    <class 'SqlColumn'> {
      cleaning_script=None,
      column='icustay_id',
      concept_map=None,
      joins=<class 'list'> [
      ],
      owner='public',
      table='chartevents',
    },
    <class 'SqlColumn'> {
      cleaning_script=None,
      column='itemid',
      concept_map=None,
      joins=<class 'list'> [
      ],
      owner='public',
      table='chartevents',
    },
    <class 'SqlColumn'> {
      cleaning_script=None,
      column='label',
      concept_map=None,
      joins=<class 'list'> [
        <class 'SqlJoin'> {
          left=<class 'SqlColumn'> {
            cleaning_script=None,
            column='itemid',
            concept_map=None,
            joins=<class 'list'> [
            ],
            owner='public',
            table='chartevents',
          },
          right=<class 'SqlColumn'> {
            cleaning_script=None,
            column='itemid',
            concept_map=None,
            joins=<class 'list'> [
            ],
            owner='public',
            table='d_items',
          },
        },
      ],
      owner='public',
      table='d_items',
    },
    <class 'SqlColumn'> {
      cleaning_script=None,
      column='subject_id',
      concept_map=None,
      joins=<class 'list'> [
      ],
      owner='public',
      table='chartevents',
    },
  }
---
# name: test_analyze_mapping.1
  <class 'list'> [
    <class 'SqlFilter'> {
      relation='IN',
      sql_column=<class 'SqlColumn'> {
        cleaning_script=None,
        column='itemid',
        concept_map=None,
        joins=<class 'list'> [
        ],
        owner='public',
        table='chartevents',
      },
      value='224,225,2515,2865,2957,3265,5798,5931,5937,6424,6758,6931,7015,7018,7449,43928,224272,224322,224660,225335,225336,225337,225338,225339,225340,225341,225342,225727,225742,225778,225979,225980,225981,225982,225984,225985,225986,225987,225988,226110,227355,227754',
    },
  ]
---
