# name: test_preview
  <class 'dict'> {
    'birthDate': '2094-03-05',
    'deceasedDateTime': '2165-08-12',
    'gender': 'female',
    'id': '6140cc54-cd63-5ad9-b3f9-000649e5368f',
    'meta': <class 'dict'> {
      'tag': <class 'list'> [
        <class 'dict'> {
          'system': 'http://terminology.arkhn.org/CodeSystem/source',
        },
        <class 'dict'> {
          'system': 'http://terminology.arkhn.org/CodeSystem/resource',
        },
      ],
    },
    'resourceType': 'Patient',
  }
---
